­ƒÜÇ Iniciando prueba simulada de checkout...

­ƒôª Paso 1: Obteniendo producto y variante...
   Ô£à Producto: Classic White Mug 11oz
   Ô£à Variant ID encontrado: 1bb12c0c-6975-4e8c-ae9e-c79181113216

­ƒöÆ Paso 2: Reservando stock (Checkout Init)...
   Ô£à Reserva exitosa (MOCKED)
   Ô£à Checkout ID: chk_1767563534577_j81z1r5ez

­ƒÆ│ Paso 3: Creando Payment Intent en Stripe...
   ÔØî Error en payment intent: {
  error: 'Validation failed',
  details: [
    {
      field: 'items.0.selectedVariant.name',
      message: 'Invalid input: expected string, received undefined',
      code: 'invalid_type'
    },
    {
      field: 'shippingInfo.phone',
      message: 'Invalid input: expected string, received undefined',
      code: 'invalid_type'
    },
    {
      field: 'shippingInfo.address',
      message: 'Invalid input: expected string, received undefined',
      code: 'invalid_type'
    },
    {
      field: 'shippingInfo.city',
      message: 'Invalid input: expected string, received undefined',
      code: 'invalid_type'
    },
    {
      field: 'shippingInfo.postalCode',
      message: 'Invalid input: expected string, received undefined',
      code: 'invalid_type'
    },
    {
      field: 'shippingInfo.country',
      message: 'Invalid input: expected string, received undefined',
      code: 'invalid_type'
    },
    {
      field: 'shippingMethod',
      message: 'Invalid option: expected one of "standard"|"express"|"overnight"',
      code: 'invalid_value'
    }
  ]
}
