
> mugmagic@0.1.0 test
> jest __tests__/integration/checkout_flow.test.ts

  console.error
    Stripe error: Error: Product not found: mug-standard
        at C:\Users\user\Desktop\mugmagic\mugmagic\app\api\create-payment-intent\route.ts:47:19
        at Array.reduce (<anonymous>)
        at calculateOrderAmount (C:\Users\user\Desktop\mugmagic\mugmagic\app\api\create-payment-intent\route.ts:44:28)
        at POST (C:\Users\user\Desktop\mugmagic\mugmagic\app\api\create-payment-intent\route.ts:149:24)
        at Object.<anonymous> (C:\Users\user\Desktop\mugmagic\mugmagic\__tests__\integration\checkout_flow.test.ts:117:21)

    [0m [90m 218 |[39m
     [90m 219 |[39m     } [36mcatch[39m (error[33m:[39m any) {
    [31m[1m>[22m[39m[90m 220 |[39m         console[33m.[39merror([32m'Stripe error:'[39m[33m,[39m error)[33m;[39m
     [90m     |[39m                 [31m[1m^[22m[39m
     [90m 221 |[39m         [36mreturn[39m [33mNextResponse[39m[33m.[39mjson(
     [90m 222 |[39m             { error[33m:[39m error[33m.[39mmessage }[33m,[39m
     [90m 223 |[39m             { status[33m:[39m [35m500[39m }[0m

      at POST (app/api/create-payment-intent/route.ts:220:17)
      at Object.<anonymous> (__tests__/integration/checkout_flow.test.ts:117:21)

node.exe : FAIL __tests__/integration/checkout_flow.test.ts
En línea: 1 Carácter: 1
+ & "C:\Program Files\nodejs/node.exe" "C:\Program 
Files\nodejs/node_mo ...
+ ~~~~~~~~~~~~~~~~~~~~~~~~~~~~~~~~~~~~~~~~~~~~~~~~~~~~~~~~~~~~
~~~~~~~~~
    + CategoryInfo          : NotSpecified: (FAIL __tests__/. 
   ..ut_flow.test.ts:String) [], RemoteException
    + FullyQualifiedErrorId : NativeCommandError
 
  Integration: Checkout Flow (Happy Path)
    ├ù SHOULD create a payment intent and save order for a 
valid cart (72 ms)
    ÔêÜ SHOULD fail if stock is insufficient (3 ms)

  ÔùÅ Integration: Checkout Flow (Happy Path) ÔÇ║ SHOULD 
create a payment intent and save order for a valid cart

    expect(received).toBe(expected) // Object.is equality

    Expected: 200
    Received: 500

    [0m [90m 119 |[39m
     [90m 120 |[39m         [90m// Expect 200 OK[39m
    [31m[1m>[22m[39m[90m 121 |[39m         expect(res[3
3m.[39mstatus)[33m.[39mtoBe([35m200[39m)[33m;[39m
     [90m     |[39m                            
[31m[1m^[22m[39m
     [90m 122 |[39m
     [90m 123 |[39m         [90m// Expect Client 
Secret[39m
     [90m 124 |[39m         expect(data)[33m.[39mtoHavePro
perty([32m'clientSecret'[39m[33m,[39m 
[32m'pi_test_secret_123'[39m)[33m;[39m[0m

      at Object.<anonymous> 
(__tests__/integration/checkout_flow.test.ts:121:28)

Test Suites: 1 failed, 1 total
Tests:       1 failed, 1 passed, 2 total
Snapshots:   0 total
Time:        1.184 s
Ran all test suites matching 
__tests__/integration/checkout_flow.test.ts.
